<h1>Test 1</h1>

<div class="container"><div>testOK</div></div>