<h1>Test 1</h1>

<div class="video-container">
    <embed src="http://www.youtube.com/embed/zr4lUE8I2Ek"></embed>
</div>