<h1>Test 2</h1>

<ul>
    <li>Learn about **Grav** by checking out our dedicated site.</li>
    <li>Download **plugins**, **themes**, as well as other Grav **skeleton** packages from the page.</li>
    <li>Check out our to find out the latest goings on in the Grav-verse.</li>
</ul>

<div class="container"><iframe frameborder="0" width="560" src="//youtube.com/embed/Rx5GBrsfXTA?autoplay=1&autohide=0&wmode=opaque"></iframe></div>

<h3>Edit this Page</h3>